Archive member included to satisfy reference by file (symbol)

C:/ST/STM32CubeIDE_1.13.1/STM32CubeIDE/plugins/com.st.stm32cube.ide.mcu.externaltools.gnu-tools-for-stm32.11.3.rel1.win32_1.1.0.202305231506/tools/bin/../lib/gcc/arm-none-eabi/11.3.1/../../../../arm-none-eabi/lib/thumb/v7e-m+fp/hard\libc_nano.a(libc_a-exit.o)
                              C:/ST/STM32CubeIDE_1.13.1/STM32CubeIDE/plugins/com.st.stm32cube.ide.mcu.externaltools.gnu-tools-for-stm32.11.3.rel1.win32_1.1.0.202305231506/tools/bin/../lib/gcc/arm-none-eabi/11.3.1/../../../../arm-none-eabi/lib/thumb/v7e-m+fp/hard/crt0.o (exit)
C:/ST/STM32CubeIDE_1.13.1/STM32CubeIDE/plugins/com.st.stm32cube.ide.mcu.externaltools.gnu-tools-for-stm32.11.3.rel1.win32_1.1.0.202305231506/tools/bin/../lib/gcc/arm-none-eabi/11.3.1/../../../../arm-none-eabi/lib/thumb/v7e-m+fp/hard\libc_nano.a(libc_a-findfp.o)
                              C:/ST/STM32CubeIDE_1.13.1/STM32CubeIDE/plugins/com.st.stm32cube.ide.mcu.externaltools.gnu-tools-for-stm32.11.3.rel1.win32_1.1.0.202305231506/tools/bin/../lib/gcc/arm-none-eabi/11.3.1/../../../../arm-none-eabi/lib/thumb/v7e-m+fp/hard\libc_nano.a(libc_a-exit.o) (__stdio_exit_handler)
C:/ST/STM32CubeIDE_1.13.1/STM32CubeIDE/plugins/com.st.stm32cube.ide.mcu.externaltools.gnu-tools-for-stm32.11.3.rel1.win32_1.1.0.202305231506/tools/bin/../lib/gcc/arm-none-eabi/11.3.1/../../../../arm-none-eabi/lib/thumb/v7e-m+fp/hard\libc_nano.a(libc_a-fwalk.o)
                              C:/ST/STM32CubeIDE_1.13.1/STM32CubeIDE/plugins/com.st.stm32cube.ide.mcu.externaltools.gnu-tools-for-stm32.11.3.rel1.win32_1.1.0.202305231506/tools/bin/../lib/gcc/arm-none-eabi/11.3.1/../../../../arm-none-eabi/lib/thumb/v7e-m+fp/hard\libc_nano.a(libc_a-findfp.o) (_fwalk_sglue)
C:/ST/STM32CubeIDE_1.13.1/STM32CubeIDE/plugins/com.st.stm32cube.ide.mcu.externaltools.gnu-tools-for-stm32.11.3.rel1.win32_1.1.0.202305231506/tools/bin/../lib/gcc/arm-none-eabi/11.3.1/../../../../arm-none-eabi/lib/thumb/v7e-m+fp/hard\libc_nano.a(libc_a-stdio.o)
                              C:/ST/STM32CubeIDE_1.13.1/STM32CubeIDE/plugins/com.st.stm32cube.ide.mcu.externaltools.gnu-tools-for-stm32.11.3.rel1.win32_1.1.0.202305231506/tools/bin/../lib/gcc/arm-none-eabi/11.3.1/../../../../arm-none-eabi/lib/thumb/v7e-m+fp/hard\libc_nano.a(libc_a-findfp.o) (__sread)
C:/ST/STM32CubeIDE_1.13.1/STM32CubeIDE/plugins/com.st.stm32cube.ide.mcu.externaltools.gnu-tools-for-stm32.11.3.rel1.win32_1.1.0.202305231506/tools/bin/../lib/gcc/arm-none-eabi/11.3.1/../../../../arm-none-eabi/lib/thumb/v7e-m+fp/hard\libc_nano.a(libc_a-memset.o)
                              C:/ST/STM32CubeIDE_1.13.1/STM32CubeIDE/plugins/com.st.stm32cube.ide.mcu.externaltools.gnu-tools-for-stm32.11.3.rel1.win32_1.1.0.202305231506/tools/bin/../lib/gcc/arm-none-eabi/11.3.1/../../../../arm-none-eabi/lib/thumb/v7e-m+fp/hard/crt0.o (memset)
C:/ST/STM32CubeIDE_1.13.1/STM32CubeIDE/plugins/com.st.stm32cube.ide.mcu.externaltools.gnu-tools-for-stm32.11.3.rel1.win32_1.1.0.202305231506/tools/bin/../lib/gcc/arm-none-eabi/11.3.1/../../../../arm-none-eabi/lib/thumb/v7e-m+fp/hard\libc_nano.a(libc_a-closer.o)
                              C:/ST/STM32CubeIDE_1.13.1/STM32CubeIDE/plugins/com.st.stm32cube.ide.mcu.externaltools.gnu-tools-for-stm32.11.3.rel1.win32_1.1.0.202305231506/tools/bin/../lib/gcc/arm-none-eabi/11.3.1/../../../../arm-none-eabi/lib/thumb/v7e-m+fp/hard\libc_nano.a(libc_a-stdio.o) (_close_r)
C:/ST/STM32CubeIDE_1.13.1/STM32CubeIDE/plugins/com.st.stm32cube.ide.mcu.externaltools.gnu-tools-for-stm32.11.3.rel1.win32_1.1.0.202305231506/tools/bin/../lib/gcc/arm-none-eabi/11.3.1/../../../../arm-none-eabi/lib/thumb/v7e-m+fp/hard\libc_nano.a(libc_a-reent.o)
                              C:/ST/STM32CubeIDE_1.13.1/STM32CubeIDE/plugins/com.st.stm32cube.ide.mcu.externaltools.gnu-tools-for-stm32.11.3.rel1.win32_1.1.0.202305231506/tools/bin/../lib/gcc/arm-none-eabi/11.3.1/../../../../arm-none-eabi/lib/thumb/v7e-m+fp/hard\libc_nano.a(libc_a-closer.o) (errno)
C:/ST/STM32CubeIDE_1.13.1/STM32CubeIDE/plugins/com.st.stm32cube.ide.mcu.externaltools.gnu-tools-for-stm32.11.3.rel1.win32_1.1.0.202305231506/tools/bin/../lib/gcc/arm-none-eabi/11.3.1/../../../../arm-none-eabi/lib/thumb/v7e-m+fp/hard\libc_nano.a(libc_a-impure.o)
                              C:/ST/STM32CubeIDE_1.13.1/STM32CubeIDE/plugins/com.st.stm32cube.ide.mcu.externaltools.gnu-tools-for-stm32.11.3.rel1.win32_1.1.0.202305231506/tools/bin/../lib/gcc/arm-none-eabi/11.3.1/../../../../arm-none-eabi/lib/thumb/v7e-m+fp/hard\libc_nano.a(libc_a-reent.o) (_impure_ptr)
C:/ST/STM32CubeIDE_1.13.1/STM32CubeIDE/plugins/com.st.stm32cube.ide.mcu.externaltools.gnu-tools-for-stm32.11.3.rel1.win32_1.1.0.202305231506/tools/bin/../lib/gcc/arm-none-eabi/11.3.1/../../../../arm-none-eabi/lib/thumb/v7e-m+fp/hard\libc_nano.a(libc_a-lseekr.o)
[...]
Memory Configuration

Name             Origin             Length             Attributes
RAM              0x0000000020000000 0x0000000000010000 xrw
FLASH            0x0000000008000000 0x0000000000040000 xr
*default*        0x0000000000000000 0xffffffffffffffff

Linker script and memory map

LOAD C:/ST/STM32CubeIDE_1.13.1/STM32CubeIDE/plugins/com.st.stm32cube.ide.mcu.externaltools.gnu-tools-for-stm32.11.3.rel1.win32_1.1.0.202305231506/tools/bin/../lib/gcc/arm-none-eabi/11.3.1/thumb/v7e-m+fp/hard/crti.o
LOAD C:/ST/STM32CubeIDE_1.13.1/STM32CubeIDE/plugins/com.st.stm32cube.ide.mcu.externaltools.gnu-tools-for-stm32.11.3.rel1.win32_1.1.0.202305231506/tools/bin/../lib/gcc/arm-none-eabi/11.3.1/thumb/v7e-m+fp/hard/crtbegin.o
LOAD C:/ST/STM32CubeIDE_1.13.1/STM32CubeIDE/plugins/com.st.stm32cube.ide.mcu.externaltools.gnu-tools-for-stm32.11.3.rel1.win32_1.1.0.202305231506/tools/bin/../lib/gcc/arm-none-eabi/11.3.1/../../../../arm-none-eabi/lib/thumb/v7e-m+fp/hard/crt0.o
LOAD ./Src/MGPIO_program.o
LOAD ./Src/MRCC_program.o
LOAD ./Src/STK_program.o
LOAD ./Src/main.o
LOAD ./Src/syscalls.o
LOAD ./Src/sysmem.o
LOAD ./Startup/startup_stm32f401ccux.o
START GROUP
LOAD C:/ST/STM32CubeIDE_1.13.1/STM32CubeIDE/plugins/com.st.stm32cube.ide.mcu.externaltools.gnu-tools-for-stm32.11.3.rel1.win32_1.1.0.202305231506/tools/bin/../lib/gcc/arm-none-eabi/11.3.1/../../../../arm-none-eabi/lib/thumb/v7e-m+fp/hard\libc_nano.a
LOAD C:/ST/STM32CubeIDE_1.13.1/STM32CubeIDE/plugins/com.st.stm32cube.ide.mcu.externaltools.gnu-tools-for-stm32.11.3.rel1.win32_1.1.0.202305231506/tools/bin/../lib/gcc/arm-none-eabi/11.3.1/../../../../arm-none-eabi/lib/thumb/v7e-m+fp/hard\libm.a
END GROUP
START GROUP
LOAD C:/ST/STM32CubeIDE_1.13.1/STM32CubeIDE/plugins/com.st.stm32cube.ide.mcu.externaltools.gnu-tools-for-stm32.11.3.rel1.win32_1.1.0.202305231506/tools/bin/../lib/gcc/arm-none-eabi/11.3.1/thumb/v7e-m+fp/hard\libgcc.a
LOAD C:/ST/STM32CubeIDE_1.13.1/STM32CubeIDE/plugins/com.st.stm32cube.ide.mcu.externaltools.gnu-tools-for-stm32.11.3.rel1.win32_1.1.0.202305231506/tools/bin/../lib/gcc/arm-none-eabi/11.3.1/../../../../arm-none-eabi/lib/thumb/v7e-m+fp/hard\libc_nano.a
END GROUP
START GROUP
LOAD C:/ST/STM32CubeIDE_1.13.1/STM32CubeIDE/plugins/com.st.stm32cube.ide.mcu.externaltools.gnu-tools-for-stm32.11.3.rel1.win32_1.1.0.202305231506/tools/bin/../lib/gcc/arm-none-eabi/11.3.1/thumb/v7e-m+fp/hard\libgcc.a
LOAD C:/ST/STM32CubeIDE_1.13.1/STM32CubeIDE/plugins/com.st.stm32cube.ide.mcu.externaltools.gnu-tools-for-stm32.11.3.rel1.win32_1.1.0.202305231506/tools/bin/../lib/gcc/arm-none-eabi/11.3.1/../../../../arm-none-eabi/lib/thumb/v7e-m+fp/hard\libc_nano.a
LOAD C:/ST/STM32CubeIDE_1.13.1/STM32CubeIDE/plugins/com.st.stm32cube.ide.mcu.externaltools.gnu-tools-for-stm32.11.3.rel1.win32_1.1.0.202305231506/tools/bin/../lib/gcc/arm-none-eabi/11.3.1/../../../../arm-none-eabi/lib/thumb/v7e-m+fp/hard\libnosys.a
END GROUP
START GROUP
LOAD C:/ST/STM32CubeIDE_1.13.1/STM32CubeIDE/plugins/com.st.stm32cube.ide.mcu.externaltools.gnu-tools-for-stm32.11.3.rel1.win32_1.1.0.202305231506/tools/bin/../lib/gcc/arm-none-eabi/11.3.1/thumb/v7e-m+fp/hard\libgcc.a
LOAD C:/ST/STM32CubeIDE_1.13.1/STM32CubeIDE/plugins/com.st.stm32cube.ide.mcu.externaltools.gnu-tools-for-stm32.11.3.rel1.win32_1.1.0.202305231506/tools/bin/../lib/gcc/arm-none-eabi/11.3.1/../../../../arm-none-eabi/lib/thumb/v7e-m+fp/hard\libc_nano.a
LOAD C:/ST/STM32CubeIDE_1.13.1/STM32CubeIDE/plugins/com.st.stm32cube.ide.mcu.externaltools.gnu-tools-for-stm32.11.3.rel1.win32_1.1.0.202305231506/tools/bin/../lib/gcc/arm-none-eabi/11.3.1/../../../../arm-none-eabi/lib/thumb/v7e-m+fp/hard\libnosys.a
END GROUP
LOAD C:/ST/STM32CubeIDE_1.13.1/STM32CubeIDE/plugins/com.st.stm32cube.ide.mcu.externaltools.gnu-tools-for-stm32.11.3.rel1.win32_1.1.0.202305231506/tools/bin/../lib/gcc/arm-none-eabi/11.3.1/thumb/v7e-m+fp/hard/crtend.o
LOAD C:/ST/STM32CubeIDE_1.13.1/STM32CubeIDE/plugins/com.st.stm32cube.ide.mcu.externaltools.gnu-tools-for-stm32.11.3.rel1.win32_1.1.0.202305231506/tools/bin/../lib/gcc/arm-none-eabi/11.3.1/thumb/v7e-m+fp/hard/crtn.o
                0x0000000020010000                _estack = (ORIGIN (RAM) + LENGTH (RAM))
                0x0000000000000200                _Min_Heap_Size = 0x200
                0x0000000000000400                _Min_Stack_Size = 0x400

.isr_vector     0x0000000008000000      0x194
                0x0000000008000000                . = ALIGN (0x4)
 *(.isr_vector)
 .isr_vector    0x0000000008000000      0x194 ./Startup/startup_stm32f401ccux.o
                0x0000000008000000                g_pfnVectors
                0x0000000008000194                . = ALIGN (0x4)

.text           0x0000000008000194      0x690
                0x0000000008000194                . = ALIGN (0x4)
 *(.text)
 .text          0x0000000008000194       0x40 C:/ST/STM32CubeIDE_1.13.1/STM32CubeIDE/plugins/com.st.stm32cube.ide.mcu.externaltools.gnu-tools-for-stm32.11.3.rel1.win32_1.1.0.202305231506/tools/bin/../lib/gcc/arm-none-eabi/11.3.1/thumb/v7e-m+fp/hard/crtbegin.o
 *(.text*)
 .text.MGPIO_voidSetPinMode
                0x00000000080001d4       0xb0 ./Src/MGPIO_program.o
                0x00000000080001d4                MGPIO_voidSetPinMode
 .text.MGPIO_voidSetPinOType
                0x0000000008000284       0xa4 ./Src/MGPIO_program.o
                0x0000000008000284                MGPIO_voidSetPinOType
 .text.MGPIO_voidSetPinOSpeed
                0x0000000008000328       0xb0 ./Src/MGPIO_program.o
                0x0000000008000328                MGPIO_voidSetPinOSpeed
 .text.MGPIO_voidSetPinOutput
                0x00000000080003d8       0x4a ./Src/MGPIO_program.o
                0x00000000080003d8                MGPIO_voidSetPinOutput
 *fill*         0x0000000008000422        0x2 
 .text.MGPIO_voidSet8PinsValue
                0x0000000008000424       0x80 ./Src/MGPIO_program.o
                0x0000000008000424                MGPIO_voidSet8PinsValue
 .text.MRCC_voidInitSystemClock
                0x00000000080004a4       0x6c ./Src/MRCC_program.o
                0x00000000080004a4                MRCC_voidInitSystemClock
 .text.MRCC_voidEnableVendorPerphiral
                0x0000000008000510       0xa0 ./Src/MRCC_program.o
                0x0000000008000510                MRCC_voidEnableVendorPerphiral
 .text.MSTK_voidInit
                0x00000000080005b0       0x18 ./Src/STK_program.o
                0x00000000080005b0                MSTK_voidInit
 .text.MSTK_voidSetIntervalPeriodic
                0x00000000080005c8       0x64 ./Src/STK_program.o
                0x00000000080005c8                MSTK_voidSetIntervalPeriodic
 .text.MSTK_voidTimerStop
                0x000000000800062c       0x40 ./Src/STK_program.o
                0x000000000800062c                MSTK_voidTimerStop
 .text.SysTick_Handler
                0x000000000800066c       0x3c ./Src/STK_program.o
                0x000000000800066c                SysTick_Handler
 .text.main     0x00000000080006a8       0x84 ./Src/main.o
                0x00000000080006a8                main
 .text.tune     0x000000000800072c       0x44 ./Src/main.o
                0x000000000800072c                tune
 .text.Reset_Handler
                0x0000000008000770       0x50 ./Startup/startup_stm32f401ccux.o
                0x0000000008000770                Reset_Handler
 .text.Default_Handler
                0x00000000080007c0        0x2 ./Startup/startup_stm32f401ccux.o
                0x00000000080007c0                EXTI2_IRQHandler
                0x00000000080007c0                DebugMon_Handler
                0x00000000080007c0                SPI4_IRQHandler
                0x00000000080007c0                TIM1_CC_IRQHandler
                0x00000000080007c0                DMA2_Stream5_IRQHandler
                0x00000000080007c0                HardFault_Handler
                0x00000000080007c0                DMA1_Stream5_IRQHandler
                0x00000000080007c0                SDIO_IRQHandler
                0x00000000080007c0                TAMP_STAMP_IRQHandler
                0x00000000080007c0                PendSV_Handler
                0x00000000080007c0                NMI_Handler
                0x00000000080007c0                EXTI3_IRQHandler
                0x00000000080007c0                TIM1_UP_TIM10_IRQHandler
                0x00000000080007c0                I2C3_ER_IRQHandler
                0x00000000080007c0                EXTI18_OTG_FS_WKUP_IRQHandler
                0x00000000080007c0                EXTI0_IRQHandler
                0x00000000080007c0                I2C2_EV_IRQHandler
                0x00000000080007c0                DMA1_Stream2_IRQHandler
                0x00000000080007c0                UsageFault_Handler
                0x00000000080007c0                DMA2_Stream2_IRQHandler
                0x00000000080007c0                SPI1_IRQHandler
                0x00000000080007c0                TIM1_BRK_TIM9_IRQHandler
                0x00000000080007c0                DMA2_Stream3_IRQHandler
                0x00000000080007c0                USART6_IRQHandler
                0x00000000080007c0                DMA2_Stream0_IRQHandler
                0x00000000080007c0                TIM4_IRQHandler
                0x00000000080007c0                I2C1_EV_IRQHandler
                0x00000000080007c0                DMA1_Stream6_IRQHandler
                0x00000000080007c0                DMA1_Stream1_IRQHandler
                0x00000000080007c0                TIM3_IRQHandler
                0x00000000080007c0                RCC_IRQHandler
                0x00000000080007c0                Default_Handler
                0x00000000080007c0                EXTI15_10_IRQHandler
                0x00000000080007c0                ADC_IRQHandler
                0x00000000080007c0                DMA1_Stream7_IRQHandler
                0x00000000080007c0                TIM5_IRQHandler
                0x00000000080007c0                DMA2_Stream7_IRQHandler
                0x00000000080007c0                I2C3_EV_IRQHandler
                0x00000000080007c0                EXTI9_5_IRQHandler
                0x00000000080007c0                SPI2_IRQHandler
                0x00000000080007c0                MemManage_Handler
                0x00000000080007c0                DMA1_Stream0_IRQHandler
                0x00000000080007c0                SVC_Handler
                0x00000000080007c0                EXTI4_IRQHandler
                0x00000000080007c0                EXTI22_RTC_WKUP_IRQHandler
                0x00000000080007c0                TIM2_IRQHandler
                0x00000000080007c0                EXTI16_PVD_IRQHandler
                0x00000000080007c0                TIM1_TRG_COM_TIM11_IRQHandler
                0x00000000080007c0                EXTI1_IRQHandler
                0x00000000080007c0                EXTI17_RTC_Alarm_IRQHandler
                0x00000000080007c0                USART2_IRQHandler
                0x00000000080007c0                I2C2_ER_IRQHandler
                0x00000000080007c0                DMA2_Stream1_IRQHandler
                0x00000000080007c0                FLASH_IRQHandler
                0x00000000080007c0                DMA2_Stream4_IRQHandler
                0x00000000080007c0                BusFault_Handler
                0x00000000080007c0                USART1_IRQHandler
                0x00000000080007c0                OTG_FS_IRQHandler
                0x00000000080007c0                SPI3_IRQHandler
                0x00000000080007c0                DMA1_Stream4_IRQHandler
                0x00000000080007c0                I2C1_ER_IRQHandler
                0x00000000080007c0                DMA2_Stream6_IRQHandler
                0x00000000080007c0                DMA1_Stream3_IRQHandler
 *fill*         0x00000000080007c2        0x2 
 .text.__libc_init_array
                0x00000000080007c4       0x48 C:/ST/STM32CubeIDE_1.13.1/STM32CubeIDE/plugins/com.st.stm32cube.ide.mcu.externaltools.gnu-tools-for-stm32.11.3.rel1.win32_1.1.0.202305231506/tools/bin/../lib/gcc/arm-none-eabi/11.3.1/../../../../arm-none-eabi/lib/thumb/v7e-m+fp/hard\libc_nano.a(libc_a-init.o)
                0x00000000080007c4                __libc_init_array
 *(.glue_7)
 .glue_7        0x000000000800080c        0x0 linker stubs
 *(.glue_7t)
 .glue_7t       0x000000000800080c        0x0 linker stubs
 *(.eh_frame)
 .eh_frame      0x000000000800080c        0x0 C:/ST/STM32CubeIDE_1.13.1/STM32CubeIDE/plugins/com.st.stm32cube.ide.mcu.externaltools.gnu-tools-for-stm32.11.3.rel1.win32_1.1.0.202305231506/tools/bin/../lib/gcc/arm-none-eabi/11.3.1/thumb/v7e-m+fp/hard/crtbegin.o
 *(.init)
 .init          0x000000000800080c        0x4 C:/ST/STM32CubeIDE_1.13.1/STM32CubeIDE/plugins/com.st.stm32cube.ide.mcu.externaltools.gnu-tools-for-stm32.11.3.rel1.win32_1.1.0.202305231506/tools/bin/../lib/gcc/arm-none-eabi/11.3.1/thumb/v7e-m+fp/hard/crti.o
                0x000000000800080c                _init
 .init          0x0000000008000810        0x8 C:/ST/STM32CubeIDE_1.13.1/STM32CubeIDE/plugins/com.st.stm32cube.ide.mcu.externaltools.gnu-tools-for-stm32.11.3.rel1.win32_1.1.0.202305231506/tools/bin/../lib/gcc/arm-none-eabi/11.3.1/thumb/v7e-m+fp/hard/crtn.o
 *(.fini)
 .fini          0x0000000008000818        0x4 C:/ST/STM32CubeIDE_1.13.1/STM32CubeIDE/plugins/com.st.stm32cube.ide.mcu.externaltools.gnu-tools-for-stm32.11.3.rel1.win32_1.1.0.202305231506/tools/bin/../lib/gcc/arm-none-eabi/11.3.1/thumb/v7e-m+fp/hard/crti.o
                0x0000000008000818                _fini
 .fini          0x000000000800081c        0x8 C:/ST/STM32CubeIDE_1.13.1/STM32CubeIDE/plugins/com.st.stm32cube.ide.mcu.externaltools.gnu-tools-for-stm32.11.3.rel1.win32_1.1.0.202305231506/tools/bin/../lib/gcc/arm-none-eabi/11.3.1/thumb/v7e-m+fp/hard/crtn.o
                0x0000000008000824                . = ALIGN (0x4)
                0x0000000008000824                _etext = .

.vfp11_veneer   0x0000000008000824        0x0
 .vfp11_veneer  0x0000000008000824        0x0 linker stubs

.v4_bx          0x0000000008000824        0x0
 .v4_bx         0x0000000008000824        0x0 linker stubs

.iplt           0x0000000008000824        0x0
 .iplt          0x0000000008000824        0x0 C:/ST/STM32CubeIDE_1.13.1/STM32CubeIDE/plugins/com.st.stm32cube.ide.mcu.externaltools.gnu-tools-for-stm32.11.3.rel1.win32_1.1.0.202305231506/tools/bin/../lib/gcc/arm-none-eabi/11.3.1/thumb/v7e-m+fp/hard/crtbegin.o

.rel.dyn        0x0000000008000824        0x0
 .rel.iplt      0x0000000008000824        0x0 C:/ST/STM32CubeIDE_1.13.1/STM32CubeIDE/plugins/com.st.stm32cube.ide.mcu.externaltools.gnu-tools-for-stm32.11.3.rel1.win32_1.1.0.202305231506/tools/bin/../lib/gcc/arm-none-eabi/11.3.1/thumb/v7e-m+fp/hard/crtbegin.o

.rodata         0x0000000008000824        0x0
                0x0000000008000824                . = ALIGN (0x4)
 *(.rodata)
 *(.rodata*)
                0x0000000008000824                . = ALIGN (0x4)

.ARM.extab      0x0000000008000824        0x0
                0x0000000008000824                . = ALIGN (0x4)
 *(.ARM.extab* .gnu.linkonce.armextab.*)
                0x0000000008000824                . = ALIGN (0x4)

.ARM            0x0000000008000824        0x0
                0x0000000008000824                . = ALIGN (0x4)
                0x0000000008000824                __exidx_start = .
 *(.ARM.exidx*)
                0x0000000008000824                __exidx_end = .
                0x0000000008000824                . = ALIGN (0x4)

.preinit_array  0x0000000008000824        0x0
                0x0000000008000824                . = ALIGN (0x4)
                0x0000000008000824                PROVIDE (__preinit_array_start = .)
 *(.preinit_array*)
                0x0000000008000824                PROVIDE (__preinit_array_end = .)
                0x0000000008000824                . = ALIGN (0x4)

.init_array     0x0000000008000824        0x4
                0x0000000008000824                . = ALIGN (0x4)
                0x0000000008000824                PROVIDE (__init_array_start = .)
 *(SORT_BY_NAME(.init_array.*))
 *(.init_array*)
 .init_array    0x0000000008000824        0x4 C:/ST/STM32CubeIDE_1.13.1/STM32CubeIDE/plugins/com.st.stm32cube.ide.mcu.externaltools.gnu-tools-for-stm32.11.3.rel1.win32_1.1.0.202305231506/tools/bin/../lib/gcc/arm-none-eabi/11.3.1/thumb/v7e-m+fp/hard/crtbegin.o
                0x0000000008000828                PROVIDE (__init_array_end = .)
                0x0000000008000828                . = ALIGN (0x4)

.fini_array     0x0000000008000828        0x4
                0x0000000008000828                . = ALIGN (0x4)
                [!provide]                        PROVIDE (__fini_array_start = .)
 *(SORT_BY_NAME(.fini_array.*))
 *(.fini_array*)
 .fini_array    0x0000000008000828        0x4 C:/ST/STM32CubeIDE_1.13.1/STM32CubeIDE/plugins/com.st.stm32cube.ide.mcu.externaltools.gnu-tools-for-stm32.11.3.rel1.win32_1.1.0.202305231506/tools/bin/../lib/gcc/arm-none-eabi/11.3.1/thumb/v7e-m+fp/hard/crtbegin.o
                [!provide]                        PROVIDE (__fini_array_end = .)
                0x000000000800082c                . = ALIGN (0x4)
                0x000000000800082c                _sidata = LOADADDR (.data)

.data           0x0000000020000000     0x9c08 load address 0x000000000800082c
                0x0000000020000000                . = ALIGN (0x4)
                0x0000000020000000                _sdata = .
 *(.data)
 *(.data*)
 .data.tune_raw
                0x0000000020000000     0x9c04 ./Src/main.o
                0x0000000020000000                tune_raw
 .data.tune_raw_len
                0x0000000020009c04        0x4 ./Src/main.o
                0x0000000020009c04                tune_raw_len
 *(.RamFunc)
 *(.RamFunc*)
                0x0000000020009c08                . = ALIGN (0x4)
                0x0000000020009c08                _edata = .

.igot.plt       0x0000000020009c08        0x0 load address 0x000000000800a434
 .igot.plt      0x0000000020009c08        0x0 C:/ST/STM32CubeIDE_1.13.1/STM32CubeIDE/plugins/com.st.stm32cube.ide.mcu.externaltools.gnu-tools-for-stm32.11.3.rel1.win32_1.1.0.202305231506/tools/bin/../lib/gcc/arm-none-eabi/11.3.1/thumb/v7e-m+fp/hard/crtbegin.o
                0x0000000020009c08                . = ALIGN (0x4)

.bss            0x0000000020009c08       0x28 load address 0x000000000800a434
                0x0000000020009c08                _sbss = .
                0x0000000020009c08                __bss_start__ = _sbss
 *(.bss)
 .bss           0x0000000020009c08       0x1c C:/ST/STM32CubeIDE_1.13.1/STM32CubeIDE/plugins/com.st.stm32cube.ide.mcu.externaltools.gnu-tools-for-stm32.11.3.rel1.win32_1.1.0.202305231506/tools/bin/../lib/gcc/arm-none-eabi/11.3.1/thumb/v7e-m+fp/hard/crtbegin.o
 *(.bss*)
 .bss.G_pfSetIntervalNotification
                0x0000000020009c24        0x4 ./Src/STK_program.o
                0x0000000020009c24                G_pfSetIntervalNotification
 .bss.G_enuIntervalStateFlag
                0x0000000020009c28        0x1 ./Src/STK_program.o
                0x0000000020009c28                G_enuIntervalStateFlag
 .bss.BusyFlag  0x0000000020009c29        0x1 ./Src/STK_program.o
                0x0000000020009c29                BusyFlag
 *fill*         0x0000000020009c2a        0x2 
 .bss.i.0       0x0000000020009c2c        0x4 ./Src/main.o
 *(COMMON)
                0x0000000020009c30                . = ALIGN (0x4)
                0x0000000020009c30                _ebss = .
                0x0000000020009c30                __bss_end__ = _ebss

._user_heap_stack
                0x0000000020009c30      0x600 load address 0x000000000800a434
                0x0000000020009c30                . = ALIGN (0x8)
                [!provide]                        PROVIDE (end = .)
                0x0000000020009c30                PROVIDE (_end = .)
                0x0000000020009e30                . = (. + _Min_Heap_Size)
 *fill*         0x0000000020009c30      0x200 
                0x000000002000a230                . = (. + _Min_Stack_Size)
 *fill*         0x0000000020009e30      0x400 
                0x000000002000a230                . = ALIGN (0x8)

/DISCARD/
 libc.a(*)
 libm.a(*)
 libgcc.a(*)

.ARM.attributes
                0x0000000000000000       0x30
 *(.ARM.attributes)
 .ARM.attributes
                0x0000000000000000       0x1e C:/ST/STM32CubeIDE_1.13.1/STM32CubeIDE/plugins/com.st.stm32cube.ide.mcu.externaltools.gnu-tools-for-stm32.11.3.rel1.win32_1.1.0.202305231506/tools/bin/../lib/gcc/arm-none-eabi/11.3.1/thumb/v7e-m+fp/hard/crti.o
 .ARM.attributes
                0x000000000000001e       0x34 C:/ST/STM32CubeIDE_1.13.1/STM32CubeIDE/plugins/com.st.stm32cube.ide.mcu.externaltools.gnu-tools-for-stm32.11.3.rel1.win32_1.1.0.202305231506/tools/bin/../lib/gcc/arm-none-eabi/11.3.1/thumb/v7e-m+fp/hard/crtbegin.o
 .ARM.attributes
                0x0000000000000052       0x34 ./Src/MGPIO_program.o
 .ARM.attributes
                0x0000000000000086       0x34 ./Src/MRCC_program.o
 .ARM.attributes
                0x00000000000000ba       0x34 ./Src/STK_program.o
 .ARM.attributes
                0x00000000000000ee       0x34 ./Src/main.o
 .ARM.attributes
                0x0000000000000122       0x21 ./Startup/startup_stm32f401ccux.o
 .ARM.attributes
                0x0000000000000143       0x34 C:/ST/STM32CubeIDE_1.13.1/STM32CubeIDE/plugins/com.st.stm32cube.ide.mcu.externaltools.gnu-tools-for-stm32.11.3.rel1.win32_1.1.0.202305231506/tools/bin/../lib/gcc/arm-none-eabi/11.3.1/../../../../arm-none-eabi/lib/thumb/v7e-m+fp/hard\libc_nano.a(libc_a-init.o)
 .ARM.attributes
                0x0000000000000177       0x1e C:/ST/STM32CubeIDE_1.13.1/STM32CubeIDE/plugins/com.st.stm32cube.ide.mcu.externaltools.gnu-tools-for-stm32.11.3.rel1.win32_1.1.0.202305231506/tools/bin/../lib/gcc/arm-none-eabi/11.3.1/thumb/v7e-m+fp/hard/crtn.o
OUTPUT(tune_DAC.elf elf32-littlearm)
LOAD linker stubs
LOAD C:/ST/STM32CubeIDE_1.13.1/STM32CubeIDE/plugins/com.st.stm32cube.ide.mcu.externaltools.gnu-tools-for-stm32.11.3.rel1.win32_1.1.0.202305231506/tools/bin/../lib/gcc/arm-none-eabi/11.3.1/../../../../arm-none-eabi/lib/thumb/v7e-m+fp/hard\libc.a
LOAD C:/ST/STM32CubeIDE_1.13.1/STM32CubeIDE/plugins/com.st.stm32cube.ide.mcu.externaltools.gnu-tools-for-stm32.11.3.rel1.win32_1.1.0.202305231506/tools/bin/../lib/gcc/arm-none-eabi/11.3.1/../../../../arm-none-eabi/lib/thumb/v7e-m+fp/hard\libm.a
LOAD C:/ST/STM32CubeIDE_1.13.1/STM32CubeIDE/plugins/com.st.stm32cube.ide.mcu.externaltools.gnu-tools-for-stm32.11.3.rel1.win32_1.1.0.202305231506/tools/bin/../lib/gcc/arm-none-eabi/11.3.1/thumb/v7e-m+fp/hard\libgcc.a

.comment        0x0000000000000000       0x43
 .comment       0x0000000000000000       0x43 C:/ST/STM32CubeIDE_1.13.1/STM32CubeIDE/plugins/com.st.stm32cube.ide.mcu.externaltools.gnu-tools-for-stm32.11.3.rel1.win32_1.1.0.202305231506/tools/bin/../lib/gcc/arm-none-eabi/11.3.1/thumb/v7e-m+fp/hard/crtbegin.o
                                         0x44 (size before relaxing)
 .comment       0x0000000000000043       0x44 ./Src/MGPIO_program.o
 .comment       0x0000000000000043       0x44 ./Src/MRCC_program.o
 .comment       0x0000000000000043       0x44 ./Src/STK_program.o
 .comment       0x0000000000000043       0x44 ./Src/main.o

.debug_info     0x0000000000000000      0xc9b
 .debug_info    0x0000000000000000      0x487 ./Src/MGPIO_program.o
 .debug_info    0x0000000000000487      0x200 ./Src/MRCC_program.o
 .debug_info    0x0000000000000687      0x246 ./Src/STK_program.o
 .debug_info    0x00000000000008cd      0x3ab ./Src/main.o
 .debug_info    0x0000000000000c78       0x23 ./Startup/startup_stm32f401ccux.o

.debug_abbrev   0x0000000000000000      0x3cf
 .debug_abbrev  0x0000000000000000       0xd0 ./Src/MGPIO_program.o
 .debug_abbrev  0x00000000000000d0       0xa9 ./Src/MRCC_program.o
 .debug_abbrev  0x0000000000000179      0x11b ./Src/STK_program.o
 .debug_abbrev  0x0000000000000294      0x129 ./Src/main.o
 .debug_abbrev  0x00000000000003bd       0x12 ./Startup/startup_stm32f401ccux.o

.debug_aranges  0x0000000000000000      0x140
 .debug_aranges
                0x0000000000000000       0x68 ./Src/MGPIO_program.o
 .debug_aranges
                0x0000000000000068       0x30 ./Src/MRCC_program.o
 .debug_aranges
                0x0000000000000098       0x58 ./Src/STK_program.o
 .debug_aranges
                0x00000000000000f0       0x28 ./Src/main.o
 .debug_aranges
                0x0000000000000118       0x28 ./Startup/startup_stm32f401ccux.o

.debug_rnglists
                0x0000000000000000       0xe2
 .debug_rnglists
                0x0000000000000000       0x51 ./Src/MGPIO_program.o
 .debug_rnglists
                0x0000000000000051       0x21 ./Src/MRCC_program.o
 .debug_rnglists
                0x0000000000000072       0x3d ./Src/STK_program.o
 .debug_rnglists
                0x00000000000000af       0x1a ./Src/main.o
 .debug_rnglists
                0x00000000000000c9       0x19 ./Startup/startup_stm32f401ccux.o

.debug_macro    0x0000000000000000     0x13bd
 .debug_macro   0x0000000000000000       0x49 ./Src/MGPIO_program.o
 .debug_macro   0x0000000000000049      0xaae ./Src/MGPIO_program.o
 .debug_macro   0x0000000000000af7       0x1c ./Src/MGPIO_program.o
 .debug_macro   0x0000000000000b13       0x28 ./Src/MGPIO_program.o
 .debug_macro   0x0000000000000b3b       0x22 ./Src/MGPIO_program.o
 .debug_macro   0x0000000000000b5d       0xd0 ./Src/MGPIO_program.o
 .debug_macro   0x0000000000000c2d       0x48 ./Src/MRCC_program.o
 .debug_macro   0x0000000000000c75       0xca ./Src/MRCC_program.o
 .debug_macro   0x0000000000000d3f       0x3a ./Src/MRCC_program.o
 .debug_macro   0x0000000000000d79       0xbe ./Src/MRCC_program.o
 .debug_macro   0x0000000000000e37       0x48 ./Src/STK_program.o
 .debug_macro   0x0000000000000e7f       0x1c ./Src/STK_program.o
 .debug_macro   0x0000000000000e9b       0x10 ./Src/STK_program.o
 .debug_macro   0x0000000000000eab       0x2e ./Src/STK_program.o
 .debug_macro   0x0000000000000ed9       0x97 ./Src/main.o
 .debug_macro   0x0000000000000f70       0x22 ./Src/main.o
 .debug_macro   0x0000000000000f92       0x8e ./Src/main.o
 .debug_macro   0x0000000000001020       0x51 ./Src/main.o
 .debug_macro   0x0000000000001071      0x103 ./Src/main.o
 .debug_macro   0x0000000000001174       0x6a ./Src/main.o
 .debug_macro   0x00000000000011de      0x1df ./Src/main.o

.debug_line     0x0000000000000000      0xa80
 .debug_line    0x0000000000000000      0x22d ./Src/MGPIO_program.o
 .debug_line    0x000000000000022d      0x135 ./Src/MRCC_program.o
 .debug_line    0x0000000000000362      0x205 ./Src/STK_program.o
 .debug_line    0x0000000000000567      0x49e ./Src/main.o
 .debug_line    0x0000000000000a05       0x7b ./Startup/startup_stm32f401ccux.o

.debug_str      0x0000000000000000     0x5915
 .debug_str     0x0000000000000000     0x3b1f ./Src/MGPIO_program.o
                                       0x3bc4 (size before relaxing)
 .debug_str     0x0000000000003b1f      0xcea ./Src/MRCC_program.o
                                       0x3cb9 (size before relaxing)
 .debug_str     0x0000000000004809      0x2f2 ./Src/STK_program.o
                                       0x32ae (size before relaxing)
 .debug_str     0x0000000000004afb      0xdeb ./Src/main.o
                                       0x42e9 (size before relaxing)
 .debug_str     0x00000000000058e6       0x2f ./Startup/startup_stm32f401ccux.o
                                         0x5b (size before relaxing)

.debug_frame    0x0000000000000000      0x3c4
 .debug_frame   0x0000000000000000      0x19c ./Src/MGPIO_program.o
 .debug_frame   0x000000000000019c       0x80 ./Src/MRCC_program.o
 .debug_frame   0x000000000000021c      0x134 ./Src/STK_program.o
 .debug_frame   0x0000000000000350       0x48 ./Src/main.o
 .debug_frame   0x0000000000000398       0x2c C:/ST/STM32CubeIDE_1.13.1/STM32CubeIDE/plugins/com.st.stm32cube.ide.mcu.externaltools.gnu-tools-for-stm32.11.3.rel1.win32_1.1.0.202305231506/tools/bin/../lib/gcc/arm-none-eabi/11.3.1/../../../../arm-none-eabi/lib/thumb/v7e-m+fp/hard\libc_nano.a(libc_a-init.o)

.debug_line_str
                0x0000000000000000       0x4f
 .debug_line_str
                0x0000000000000000       0x4f ./Startup/startup_stm32f401ccux.o
                                         0x67 (size before relaxing)
